// Jest Snapshot v1, https://goo.gl/fbAQLP

exports[`<AboutMe /> renders aboutme page unchanged 1`] = `
<div>
  <main
    class="flex flex-wrap-reverse justify-center items-center gap-10 md:gap-32 py-8 text-lg text-center xl:text-left xl:flex-nowrap xl:justify-between"
  >
    <div
      class="text-white flex flex-col items-center xl:items-start gap-4 w-full xl:w-120"
    >
      <h1
        class="text-3xl sm:text-7xl xl:leading-[5rem]"
      >
        Prazer, sou 
        <strong
          class="font-bold"
        >
          Jeziel
        </strong>
      </h1>
      <div
        class="mb-12"
      >
        <h2
          class="className mb-12"
        >
          Sou desenvolvedor Front-end que busca cada dia mais novos conhecimentos e aprimoramento!
        </h2>
        <a
          class="bg-jz-gray-500 p-3 w-fit text-xl rounded-lg transition-all hover:bg-opacity-80"
          href="/contatos"
        >
          Converse comigo!
        </a>
      </div>
      <ul
        class="flex flex-wrap justify-center xl:grid xl:grid-cols-2 xl:w-fit gap-3 text-xl"
      >
        <li
          class="w-fit p-2 rounded-md"
          style="background-color: rgb(47, 116, 192); color: white;"
        >
          typescript
        </li>
        <li
          class="w-fit p-2 rounded-md"
          style="background-color: rgb(107, 221, 250); color: black;"
        >
          react
        </li>
        <li
          class="w-fit p-2 rounded-md"
          style="background-color: rgb(239, 216, 29); color: black;"
        >
          javascript
        </li>
        <li
          class="w-fit p-2 rounded-md"
          style="background-color: black; color: white;"
        >
          next.js
        </li>
      </ul>
    </div>
    <div
      class="relative"
    >
      <img
        alt="Imagem de perfil do portfolio"
        class="rounded-full"
        data-nimg="1"
        decoding="async"
        height="500"
        loading="lazy"
        src="https://avatars.githubusercontent.com/u/82993547?v=4"
        style="color: transparent;"
        width="500"
      />
      <p
        class="p-4 w-fit text-base leading-tight bg-jz-blue-500 rounded-xl text-black absolute -bottom-3 sm:-bottom-3"
      >
        <strong
          class="text-4xl"
        >
          3+
        </strong>
        <br />
        anos de experiência
      </p>
    </div>
  </main>
</div>
`;
